// Jest Snapshot v1, https://goo.gl/fbAQLP

exports[`Button should render with no errors 1`] = `
<div>
  <button
    class="button"
  >
    Test text
  </button>
</div>
`;
