// Jest Snapshot v1, https://goo.gl/fbAQLP

exports[`Input should render with no errors 1`] = `
<div>
  <input
    class="input"
  />
</div>
`;
